// Jest Snapshot v1, https://goo.gl/fbAQLP

exports[`Link Renders link to Google 1`] = `
<a
  href="http://google.com"
>
  Link to Google
</a>
`;
